services/algorithmicTutor.ts(11,28): error TS2307: Cannot find module '@/types/tutor' or its corresponding type declarations.
services/tutors/AdditionTutor.ts(3,28): error TS2307: Cannot find module '@/types/tutor' or its corresponding type declarations.
services/tutors/DivisionTutor.ts(3,28): error TS2307: Cannot find module '@/types/tutor' or its corresponding type declarations.
services/tutors/MultiplicationTutor.ts(3,28): error TS2307: Cannot find module '@/types/tutor' or its corresponding type declarations.
services/tutors/SubtractionTutor.ts(2,28): error TS2307: Cannot find module '@/types/tutor' or its corresponding type declarations.
